
> tiferet-carpentry@5.32.0 bench:check
> node scripts/bench-check.js

⏱  Running engine benchmarks…

Benchmarking is an experimental feature.
Breaking changes might not follow SemVer, please pin Vitest's version when using it.

 RUN  v4.1.11 C:/Users/yosi/Downloads/DFDF


 ✓ tests/bench/engine.bench.ts > dimensions 1146ms
     name                                      hz     min     max    mean     p75     p99    p995    p999     rme  samples
   · computeDimensions — base cabinet  709,225.39  0.0011  0.8210  0.0014  0.0014  0.0030  0.0038  0.0094  ±1.10%   141846
   · computeDimensions — wardrobe      774,858.84  0.0011  0.2758  0.0013  0.0012  0.0024  0.0027  0.0080  ±0.65%   154972
   · computeDimensions — desk          822,612.94  0.0011  0.2565  0.0012  0.0012  0.0020  0.0022  0.0046  ±0.53%   164523

 ✓ tests/bench/engine.bench.ts > parts 2462ms
     name                                                 hz     min     max    mean     p75     p99    p995    p999     rme  samples
   · generateParts — base cabinet               1,633,980.92  0.0005  0.2738  0.0006  0.0006  0.0009  0.0011  0.0020  ±0.55%   326797
   · generateParts — wardrobe 4-shelf 2-drawer  1,721,292.42  0.0005  0.2762  0.0006  0.0006  0.0011  0.0012  0.0016  ±0.50%   344259
   · generateParts — desk 2-drawer              1,674,070.81  0.0005  3.4130  0.0006  0.0006  0.0012  0.0015  0.0027  ±3.37%   334815
   · computeEdgeBandingTotal — base cabinet     6,658,785.00  0.0001  0.1089  0.0002  0.0002  0.0002  0.0002  0.0002  ±0.19%  1331757

 ✓ tests/bench/engine.bench.ts > cut optimizer 617ms
     name                                                    hz     min     max    mean     p75     p99    p995    p999     rme  samples
   · optimizeCutSheets — base cabinet (9 part types)  36,570.50  0.0197  0.7039  0.0273  0.0304  0.0472  0.0579  0.4461  ±1.58%     7315
   · optimizeCutSheets — wardrobe (17 part types)     18,704.64  0.0366  1.7478  0.0535  0.0583  0.1281  0.1563  0.5553  ±2.45%     3741

 ✓ tests/bench/engine.bench.ts > hardware 661ms
     name                                     hz     min     max    mean     p75     p99    p995    p999     rme  samples
   · generateHardware — base cabinet  173,828.26  0.0047  0.4874  0.0058  0.0057  0.0075  0.0137  0.0193  ±0.81%    34766
   · generateHardware — wardrobe      155,748.68  0.0050  0.5500  0.0064  0.0066  0.0087  0.0162  0.0222  ±1.13%    31150

 ✓ tests/bench/engine.bench.ts > cost estimator 657ms
     name                                 hz     min     max    mean     p75     p99    p995    p999     rme  samples
   · estimateCost — base cabinet  194,681.40  0.0037  0.5697  0.0051  0.0058  0.0080  0.0110  0.0194  ±1.09%    38937
   · estimateCost — wardrobe       67,204.16  0.0102  0.4854  0.0149  0.0146  0.0315  0.0360  0.0710  ±1.12%    13441

 ✓ tests/bench/engine.bench.ts > smart optimizer 615ms
     name                                                       hz     min     max    mean     p75     p99    p995    p999     rme  samples
   · findOptimizations — base cabinet (default strategies)  290.93  1.9407  8.6041  3.4373  4.2877  8.4054  8.6041  8.6041  ±6.52%      146

 ✓ tests/bench/engine.bench.ts > validation 625ms
     name                                        hz     min     max    mean     p75     p99    p995    p999     rme  samples
   · validateConfig — valid base cabinet  50,412.55  0.0168  0.5334  0.0198  0.0195  0.0333  0.0373  0.0615  ±0.96%    10083
   · validateConfig — valid wardrobe      35,734.14  0.0215  0.5321  0.0280  0.0277  0.0424  0.0516  0.1036  ±1.04%     7147

 BENCH  Summary

  computeDimensions — desk - tests/bench/engine.bench.ts > dimensions
    1.06x faster than computeDimensions — wardrobe
    1.16x faster than computeDimensions — base cabinet

  computeEdgeBandingTotal — base cabinet - tests/bench/engine.bench.ts > parts
    3.87x faster than generateParts — wardrobe 4-shelf 2-drawer
    3.98x faster than generateParts — desk 2-drawer
    4.08x faster than generateParts — base cabinet

  optimizeCutSheets — base cabinet (9 part types) - tests/bench/engine.bench.ts > cut optimizer
    1.96x faster than optimizeCutSheets — wardrobe (17 part types)

  generateHardware — base cabinet - tests/bench/engine.bench.ts > hardware
    1.12x faster than generateHardware — wardrobe

  estimateCost — base cabinet - tests/bench/engine.bench.ts > cost estimator
    2.90x faster than estimateCost — wardrobe

  findOptimizations — base cabinet (default strategies) - tests/bench/engine.bench.ts > smart optimizer

  validateConfig — valid base cabinet - tests/bench/engine.bench.ts > validation
    1.41x faster than validateConfig — valid wardrobe

Benchmark report written to C:/Users/yosi/AppData/Local/Temp/WoodworkingShop/bench-results.json

────────────────────────────────────────────────────────────────────────────────────────────────────────────────────────────────────────
Group                   Benchmark                                            Mean ms        Ops/sec     p99 ms  Status
────────────────────────────────────────────────────────────────────────────────────────────────────────────────────────────────────────
smart optimizer         findOptimizations — base cabinet (default strate     3.43727            291    8.40540  ✓  3% of budget
cut optimizer           optimizeCutSheets — wardrobe (17 part types)         0.05346         18,705    0.12810    (no budget set)
validation              validateConfig — valid wardrobe                      0.02798         35,734    0.04240  ✓  17% of budget
cut optimizer           optimizeCutSheets — base cabinet (9 part types)      0.02734         36,571    0.04720  ✓  2% of budget
validation              validateConfig — valid base cabinet                  0.01984         50,413    0.03330  ✓  20% of budget
cost estimator          estimateCost — wardrobe                              0.01488         67,204    0.03150  ✓  13% of budget
hardware                generateHardware — wardrobe                          0.00642        155,749    0.00870  ✓  9% of budget
hardware                generateHardware — base cabinet                      0.00575        173,828    0.00750  ✓  10% of budget
cost estimator          estimateCost — base cabinet                          0.00514        194,681    0.00800  ✓  4% of budget
dimensions              computeDimensions — base cabinet                     0.00141        709,225    0.00300  ✓  2% of budget
dimensions              computeDimensions — wardrobe                         0.00129        774,859    0.00240  ✓  1% of budget
dimensions              computeDimensions — desk                             0.00122        822,613    0.00200  ✓  1% of budget
parts                   generateParts — base cabinet                         0.00061      1,633,981    0.00090  ✓  2% of budget
parts                   generateParts — desk 2-drawer                        0.00060      1,674,071    0.00120  ✓  1% of budget
parts                   generateParts — wardrobe 4-shelf 2-drawer            0.00058      1,721,292    0.00110  ✓  2% of budget
parts                   computeEdgeBandingTotal — base cabinet               0.00015      6,658,785    0.00020  ✓  6% of budget
────────────────────────────────────────────────────────────────────────────────────────────────────────────────────────────────────────

✅  All 16 benchmarks within budget.
