vite v8.2.2 building client environment for production...
transforming...
✓ 463 modules transformed.
rendering chunks...
computing gzip size...
../../AppData/Local/Temp/tiferet-remediation-dist/assets/dxf-export.worker-DAQKOsiJ.js             5.69 kB
../../AppData/Local/Temp/tiferet-remediation-dist/index.html                                       6.90 kB │ gzip:  2.51 kB
../../AppData/Local/Temp/tiferet-remediation-dist/assets/cost-estimator.worker-D7wbkqlY.js        10.31 kB
../../AppData/Local/Temp/tiferet-remediation-dist/assets/bom-export.worker-Bc2U8Z8S.js            10.54 kB
../../AppData/Local/Temp/tiferet-remediation-dist/assets/pdf-import.worker-K2xBWFEv.js            12.76 kB
../../AppData/Local/Temp/tiferet-remediation-dist/assets/banner-CiAHE4uj.svg                      16.26 kB │ gzip:  3.57 kB
../../AppData/Local/Temp/tiferet-remediation-dist/assets/cut-optimizer.worker-DygM7kVN.js         17.39 kB
../../AppData/Local/Temp/tiferet-remediation-dist/assets/assembly.worker-CIuj3mP6.js              29.89 kB
../../AppData/Local/Temp/tiferet-remediation-dist/assets/pdf-export.worker-DoFoIzu_.js         1,333.58 kB
../../AppData/Local/Temp/tiferet-remediation-dist/assets/PlannerApp-UwrCJuCf.css                   3.00 kB │ gzip:  0.95 kB
../../AppData/Local/Temp/tiferet-remediation-dist/assets/TiferetSite-CwUkUC--.css                 31.47 kB │ gzip:  6.74 kB
../../AppData/Local/Temp/tiferet-remediation-dist/assets/src-Cfq6Wo9q.css                         77.39 kB │ gzip: 14.39 kB
../../AppData/Local/Temp/tiferet-remediation-dist/assets/display-DuHeHM96.js                       0.14 kB │ gzip:  0.14 kB
../../AppData/Local/Temp/tiferet-remediation-dist/assets/download-BJ-QxWDb.js                      0.17 kB │ gzip:  0.16 kB
../../AppData/Local/Temp/tiferet-remediation-dist/assets/useDialogFocus-CMcQoo1M.js                0.18 kB │ gzip:  0.16 kB
../../AppData/Local/Temp/tiferet-remediation-dist/assets/NotFoundPage-BwekmCnm.js                  0.40 kB │ gzip:  0.29 kB
../../AppData/Local/Temp/tiferet-remediation-dist/assets/imported-apartments-DW7NU8Nq.js           0.86 kB │ gzip:  0.51 kB
../../AppData/Local/Temp/tiferet-remediation-dist/assets/wall-frame-DZ8uEk9I.js                    1.41 kB │ gzip:  0.80 kB
../../AppData/Local/Temp/tiferet-remediation-dist/assets/ApartmentThumbnail-_LLKcdzf.js            1.54 kB │ gzip:  0.79 kB
../../AppData/Local/Temp/tiferet-remediation-dist/assets/useFocusTrap-BnTti2iq.js                  1.59 kB │ gzip:  0.79 kB
../../AppData/Local/Temp/tiferet-remediation-dist/assets/MyApartmentPage-BoyX0MpM.js               1.76 kB │ gzip:  0.76 kB
../../AppData/Local/Temp/tiferet-remediation-dist/assets/zip-writer-DRvrDklZ.js                    2.03 kB │ gzip:  1.05 kB
../../AppData/Local/Temp/tiferet-remediation-dist/assets/ContactPage-4VxJ1-1O.js                   2.76 kB │ gzip:  1.22 kB
../../AppData/Local/Temp/tiferet-remediation-dist/assets/planning-document-CmtSmynT.js             3.57 kB │ gzip:  1.35 kB
../../AppData/Local/Temp/tiferet-remediation-dist/assets/gcode-export-DGml3maE.js                  4.21 kB │ gzip:  1.83 kB
../../AppData/Local/Temp/tiferet-remediation-dist/assets/SectionHeading-B_99CrUk.js                4.32 kB │ gzip:  1.49 kB
../../AppData/Local/Temp/tiferet-remediation-dist/assets/worker-request-CTwBFt1n.js                4.49 kB │ gzip:  1.93 kB
../../AppData/Local/Temp/tiferet-remediation-dist/assets/dxf-export-DxE2_swI.js                    4.91 kB │ gzip:  1.78 kB
../../AppData/Local/Temp/tiferet-remediation-dist/assets/RoomLayoutView-sSZp-Mya.js                4.95 kB │ gzip:  1.75 kB
../../AppData/Local/Temp/tiferet-remediation-dist/assets/workbox-window.prod.es5-Bd17z0YL.js       5.65 kB │ gzip:  2.20 kB
../../AppData/Local/Temp/tiferet-remediation-dist/assets/HomeDetails-Bz7g1jUU.js                   5.84 kB │ gzip:  1.98 kB
../../AppData/Local/Temp/tiferet-remediation-dist/assets/SummaryPage-Dn2xRO3-.js                   6.15 kB │ gzip:  2.40 kB
../../AppData/Local/Temp/tiferet-remediation-dist/assets/EditorialPages-BO0TV_D5.js                7.05 kB │ gzip:  2.25 kB
../../AppData/Local/Temp/tiferet-remediation-dist/assets/apartment-DVyw8Hmy.js                     7.33 kB │ gzip:  2.33 kB
../../AppData/Local/Temp/tiferet-remediation-dist/assets/ApartmentsPage-BexAKx1Z.js                7.73 kB │ gzip:  2.57 kB
../../AppData/Local/Temp/tiferet-remediation-dist/assets/middleware-D06T7__K.js                    8.13 kB │ gzip:  3.77 kB
../../AppData/Local/Temp/tiferet-remediation-dist/assets/pdf-import-service-QQyuw2I9.js            9.44 kB │ gzip:  4.02 kB
../../AppData/Local/Temp/tiferet-remediation-dist/assets/hardware-Cj859dNP.js                     18.76 kB │ gzip:  5.17 kB
../../AppData/Local/Temp/tiferet-remediation-dist/assets/Plan2D-BeP4nMxz.js                       19.23 kB │ gzip:  6.12 kB
../../AppData/Local/Temp/tiferet-remediation-dist/assets/TiferetSite-bkyInVkk.js                  22.34 kB │ gzip:  7.42 kB
../../AppData/Local/Temp/tiferet-remediation-dist/assets/de-DjoMzUvt.js                           24.29 kB │ gzip:  9.14 kB
../../AppData/Local/Temp/tiferet-remediation-dist/assets/es-DSuc-AQj.js                           24.58 kB │ gzip:  9.26 kB
../../AppData/Local/Temp/tiferet-remediation-dist/assets/ImportApartmentPage-D2n67jI_.js          24.67 kB │ gzip:  8.32 kB
../../AppData/Local/Temp/tiferet-remediation-dist/assets/fr-C8vRD5GA.js                           24.96 kB │ gzip:  9.35 kB
../../AppData/Local/Temp/tiferet-remediation-dist/assets/PdfExportPanel-Cf0qX9LI.js               25.46 kB │ gzip:  7.86 kB
../../AppData/Local/Temp/tiferet-remediation-dist/assets/ar-CghOM36c.js                           25.90 kB │ gzip:  8.92 kB
../../AppData/Local/Temp/tiferet-remediation-dist/assets/AssemblyGuide-DMcQUiRM.js                28.06 kB │ gzip:  7.45 kB
../../AppData/Local/Temp/tiferet-remediation-dist/assets/tiferet-CqlB0zDs.js                      29.21 kB │ gzip: 10.00 kB
../../AppData/Local/Temp/tiferet-remediation-dist/assets/validation-Cft-Slta.js                   30.69 kB │ gzip:  9.64 kB
../../AppData/Local/Temp/tiferet-remediation-dist/assets/tiferet-source-inventory-c5Derq-W.js     42.21 kB │ gzip:  5.76 kB
../../AppData/Local/Temp/tiferet-remediation-dist/assets/cabinet-store-DjHp9ubD.js                62.45 kB │ gzip: 18.48 kB
../../AppData/Local/Temp/tiferet-remediation-dist/assets/ErrorBoundary-Ox3YGQEl.js                69.57 kB │ gzip: 20.73 kB
../../AppData/Local/Temp/tiferet-remediation-dist/assets/he-D7Gp7Vr1.js                           83.95 kB │ gzip: 26.50 kB
../../AppData/Local/Temp/tiferet-remediation-dist/assets/OptimizerView-CLIQITJU.js                97.48 kB │ gzip: 22.92 kB
../../AppData/Local/Temp/tiferet-remediation-dist/assets/PlannerApp-DxjUs_Ao.js                  103.98 kB │ gzip: 30.56 kB
../../AppData/Local/Temp/tiferet-remediation-dist/assets/CalculatorsPanel-D-sUc2r2.js            113.57 kB │ gzip: 13.96 kB
../../AppData/Local/Temp/tiferet-remediation-dist/assets/index-ICTA72AI.js                       199.01 kB │ gzip: 63.69 kB
../../AppData/Local/Temp/tiferet-remediation-dist/assets/WorkshopMode-CFz5XNZy.js                289.88 kB │ gzip: 78.37 kB

✓ built in 1.10s

PWA v1.3.0
mode      generateSW
precache  69 entries (4140.09 KiB)
files generated
  ../../AppData/Local/Temp/tiferet-remediation-dist/sw.js
  ../../AppData/Local/Temp/tiferet-remediation-dist/workbox-af8685ab.js
